// Jest Snapshot v1, https://goo.gl/fbAQLP

exports[`<ReactSEOMetaTags /> Renders correctly when placed inside head tag 1`] = `
<html
  lang="en"
>
  <head>
    <meta
      charSet="utf-8"
    />
    <title>
      This is a 70 character long title with a lot of padding to make it so!
    </title>
    <meta
      content="This is a 200 character long description of this web page which is quite interesting and which describes its contents well with a lot of relevant keywords and isn't just general marketing mumbo-jumbo."
      name="description"
    />
    <meta
      content="http://website.com/image.png"
      name="image"
    />
    <script
      type="application/ld+json"
    >
      [{"@context":"http://schema.org","@type":"WebPage","datePublished":"2019-10-06T13:56:03.123Z","description":"This is a 200 character long description of this web page which is quite interesting and which describes its contents well with a lot of relevant keywords and isn't just general marketing mumbo-jumbo.","image":"http://website.com/image.png","inLanguage":"en-US","name":"This is a 70 character long title with a lot of padding to make it so!","url":"https://google.com/about","author":{"@type":"Person","name":"John Smith","email":"person@gmail.com","image":"http://john.me/my-face.jpg"},"potentialAction":{"@type":"SearchAction","target":"https://www.google.com/search?q={search_term_string}","query-input":"required name=search_term_string"}}]
    </script>
    <meta
      content="website"
      property="og:type"
    />
    <meta
      content="https://google.com/about"
      property="og:url"
    />
    <meta
      content="en-US"
      property="og:locale"
    />
    <meta
      content="This is a 70 character long title with a lot of padding to make it so!"
      property="og:title"
    />
    <meta
      content="This is a 200 character long description of this web page which is quite interesting and which describes its contents well with a lot of relevant keywords and isn't just general marketing mumbo-jumbo."
      property="og:description"
    />
    <meta
      content="http://website.com/image.png"
      property="og:image"
    />
    <meta
      content="Alt of my website image"
      property="og:image:alt"
    />
    <meta
      content="IMDb"
      property="og:site_name"
    />
    <meta
      content="summary_large_image"
      name="twitter:card"
    />
    <meta
      content="This is a 70 character long title with a lot of padding to make it so!"
      name="twitter:title"
    />
    <meta
      content="This is a 200 character long description of this web page which is quite interesting and which describes its contents well with a lot of relevant keywords and isn't just general marketing mumbo-jumbo."
      name="twitter:description"
    />
    <meta
      content="http://website.com/image.png"
      name="twitter:image"
    />
    <meta
      content="Alt of my website image"
      name="twitter:image:alt"
    />
  </head>
  <body>
    <main>
      Body
    </main>
  </body>
</html>
`;

exports[`<ReactSEOMetaTags /> Renders correctly with all the metadata defined 1`] = `
<html
  lang="en"
>
  <head>
    <meta
      charSet="utf-8"
    />
    <title>
      Is it a bird, is it a plane? Or is it React?
    </title>
    <meta
      content="This post explains everything you need to know about React."
      name="description"
    />
    <meta
      content="https://myblog.xyz/images/react.png"
      name="image"
    />
    <script
      type="application/ld+json"
    >
      [{"@context":"http://schema.org","@type":"WebPage","datePublished":"2020-12-20T02:11:51.893Z","description":"This post explains everything you need to know about React.","image":"https://myblog.xyz/images/react.png","inLanguage":"en-US","name":"Is it a bird, is it a plane? Or is it React?","url":"https://myblog.xyz/articles/what-is-react","author":{"@type":"Person","name":"John Smith","email":"person@gmail.com","image":"http://john.me/my-face.jpg"}},{"@context":"http://schema.org","@type":"BreadcrumbList","itemListElement":[{"@type":"ListItem","position":0,"item":{"@id":"https://example.com/dresses","@type":"WebPage","url":"https://example.com/dresses","name":"Dresses","image":"https://example.com/dresses.jpg"}},{"@type":"ListItem","position":1,"item":{"@id":"https://example.com/dresses-real","@type":"WebPage","url":"https://example.com/dresses-real","name":"Real Dresses","image":"https://example.com/real-dresses.gif"}}]},{"@context":"http://schema.org","@type":"BlogPosting","url":"https://myblog.xyz/articles/what-is-react","name":"Is it a bird, is it a plane? Or is it React?","headline":"Is it a bird, is it a plane? Or is it React?","keywords":["react","javascript","programming","frontend development"],"description":"This post explains everything you need to know about React.","author":{"@type":"Person","name":"John Smith","email":"person@gmail.com","image":"http://john.me/my-face.jpg"},"publisher":{"@context":"http://schema.org","@type":"Corporation","description":"A software engineering consultancy","name":"Bugs and code","legalName":"Bug and code Inc.","sameAs":["https://en.wikipedia.org/wiki/Enron"],"url":"https://bugsandcode.com","logo":"https://bugsandcode.com/logo.png"},"mainEntityOfPage":{"@type":"WebPage","@id":"https://myblog.xyz/articles/what-is-react"},"image":"https://myblog.xyz/images/react.png","datePublished":"2020-12-20T02:11:51.893Z","dateModified":"2020-12-20T02:11:51.893Z"},{"@context":"http://schema.org","@type":"Organization","name":"Google","legalName":"Google Inc","url":"https://google.com","logo":"https://google.com/logo.jpg"}]
    </script>
    <meta
      content="article"
      property="og:type"
    />
    <meta
      content="2020-12-20T02:11:51.893Z"
      property="article:published_time"
    />
    <meta
      content="2020-12-20T02:11:51.893Z"
      property="article:modified_time"
    />
    <meta
      content="https://myblog.xyz/articles/what-is-react"
      property="og:url"
    />
    <meta
      content="en-US"
      property="og:locale"
    />
    <meta
      content="My facebook title"
      property="og:title"
    />
    <meta
      content="My facebook description"
      property="og:description"
    />
    <meta
      content="https://example.com/my-facebook-image.png"
      property="og:image"
    />
    <meta
      content="My facebook image alt"
      property="og:image:alt"
    />
    <meta
      content="https://example.com/my-facebook-video.mpeg"
      property="og:video"
    />
    <meta
      content="https://example.com/my-facebook-audio.mp3"
      property="og:audio"
    />
    <meta
      content="Amazon Inc."
      property="og:site_name"
    />
    <meta
      content="my facebook app id"
      property="fb:app_id"
    />
    <meta
      content="summary"
      name="twitter:card"
    />
    <meta
      content="@michaelcaine"
      name="twitter:creator"
    />
    <meta
      content="@UK"
      name="twitter:site"
    />
    <meta
      content="My twitter title"
      name="twitter:title"
    />
    <meta
      content="My twitter description"
      name="twitter:description"
    />
    <meta
      content="https://example.com/my-twitter-faceshot-image.png"
      name="twitter:image"
    />
    <meta
      content="My twitter image alt"
      name="twitter:image:alt"
    />
  </head>
  <body>
    <main>
      Body
    </main>
  </body>
</html>
`;

exports[`<ReactSEOMetaTags /> Renders correctly with blog post 1`] = `
<html
  lang="en"
>
  <head>
    <meta
      charSet="utf-8"
    />
    <title>
      Is it a bird, is it a plane? Or is it React?
    </title>
    <meta
      content="This post explains everything you need to know about React."
      name="description"
    />
    <meta
      content="https://myblog.xyz/images/react.png"
      name="image"
    />
    <script
      type="application/ld+json"
    >
      [{"@context":"http://schema.org","@type":"WebPage","datePublished":"2020-12-20T02:11:51.893Z","description":"This post explains everything you need to know about React.","image":"https://myblog.xyz/images/react.png","inLanguage":"en-US","name":"Is it a bird, is it a plane? Or is it React?","url":"https://myblog.xyz/articles/what-is-react","author":{"@type":"Person","name":"John Smith","email":"person@gmail.com","image":"http://john.me/my-face.jpg"}},{"@context":"http://schema.org","@type":"BlogPosting","url":"https://myblog.xyz/articles/what-is-react","name":"Is it a bird, is it a plane? Or is it React?","headline":"Is it a bird, is it a plane? Or is it React?","keywords":["react","javascript","programming","frontend development"],"description":"This post explains everything you need to know about React.","author":{"@type":"Person","name":"John Smith","email":"person@gmail.com","image":"http://john.me/my-face.jpg"},"publisher":{"@context":"http://schema.org","@type":"Corporation","description":"A software engineering consultancy","name":"Bugs and code","legalName":"Bug and code Inc.","sameAs":["https://en.wikipedia.org/wiki/Enron"],"url":"https://bugsandcode.com","logo":"https://bugsandcode.com/logo.png"},"mainEntityOfPage":{"@type":"WebPage","@id":"https://myblog.xyz/articles/what-is-react"},"image":"https://myblog.xyz/images/react.png","datePublished":"2020-12-20T02:11:51.893Z","dateModified":"2020-12-20T02:11:51.893Z"}]
    </script>
    <meta
      content="article"
      property="og:type"
    />
    <meta
      content="2020-12-20T02:11:51.893Z"
      property="article:published_time"
    />
    <meta
      content="2020-12-20T02:11:51.893Z"
      property="article:modified_time"
    />
    <meta
      content="https://myblog.xyz/articles/what-is-react"
      property="og:url"
    />
    <meta
      content="en-US"
      property="og:locale"
    />
    <meta
      content="Is it a bird, is it a plane? Or is it React?"
      property="og:title"
    />
    <meta
      content="This post explains everything you need to know about React."
      property="og:description"
    />
    <meta
      content="https://myblog.xyz/images/react.png"
      property="og:image"
    />
    <meta
      content="Alt of my website image"
      property="og:image:alt"
    />
    <meta
      content="Amazon Inc."
      property="og:site_name"
    />
    <meta
      content="this is a fb app id"
      property="fb:app_id"
    />
    <meta
      content="summary_large_image"
      name="twitter:card"
    />
    <meta
      content="Is it a bird, is it a plane? Or is it React?"
      name="twitter:title"
    />
    <meta
      content="This post explains everything you need to know about React."
      name="twitter:description"
    />
    <meta
      content="https://myblog.xyz/images/react.png"
      name="twitter:image"
    />
    <meta
      content="Alt of my website image"
      name="twitter:image:alt"
    />
  </head>
  <body>
    <main>
      Body
    </main>
  </body>
</html>
`;
